[Sat May 30 00:26:30 2026] Запрос: помощь
[Sat May 30 00:26:30 2026] Ответ: 📖 *Помощь по боту*

!синоним слово — поиск синонимов (парсинг сайта)
!толкование слово — значение слова (API словаря)
!рифма слово — подбор рифм (API)
!пример слово — примеры использования (API)

Прим...
--------------------------------------------------
[Sat May 30 00:30:41 2026] Запрос: начать
[Sat May 30 00:30:41 2026] Ответ: 📖 *Помощь по боту*

!синоним слово — поиск синонимов (парсинг сайта)
!толкование слово — значение слова (API словаря)
!рифма слово — подбор рифм (API)
!пример слово — примеры использования (API)

Прим...
--------------------------------------------------
[Sat May 30 00:31:14 2026] Запрос: !синоним красивый
[Sat May 30 00:31:14 2026] Ответ: 😕 Не удалось найти синонимы для 'красивый'
--------------------------------------------------
[Sat May 30 00:33:32 2026] Запрос: Начать
[Sat May 30 00:33:32 2026] Ответ: 📖 *Выбери действие на кнопках ниже:*

Нажми на кнопку, затем введи слово.
--------------------------------------------------
[Sat May 30 00:33:38 2026] Запрос: 🔍 Синоним
[Sat May 30 00:33:38 2026] Ответ: 🔍 *Введи слово, для которого нужно найти синонимы:*
--------------------------------------------------
[Sat May 30 00:33:50 2026] Запрос: Красивый
[Sat May 30 00:33:50 2026] Ответ: 😕 Не удалось найти синонимы для 'Красивый'
--------------------------------------------------
[Sat May 30 00:33:55 2026] Запрос: 📖 Толкование 'Красивый'
[Sat May 30 00:33:55 2026] Ответ: Слово 'Красивый' не найдено в словаре
--------------------------------------------------
[Sat May 30 00:33:58 2026] Запрос: 🔍 Синоним к 'Красивый'
[Sat May 30 00:33:58 2026] Ответ: 😕 Не удалось найти синонимы для 'Красивый'
--------------------------------------------------
[Sat May 30 00:34:01 2026] Запрос: 🎭 Рифма к 'Красивый'
[Sat May 30 00:34:01 2026] Ответ: Рифм не найдено
--------------------------------------------------
[Sat May 30 00:34:03 2026] Запрос: 💡 Пример с 'Красивый'
[Sat May 30 00:34:03 2026] Ответ: Примеров для 'Красивый' не найдено
--------------------------------------------------
[Sat May 30 00:36:02 2026] Запрос: 🔍 Синоним к 'Красивый'
[Sat May 30 00:36:02 2026] Ответ: 😕 Не удалось найти синонимы для 'Красивый'
--------------------------------------------------
[Sat May 30 00:36:04 2026] Запрос: 🔄 Новое слово
[Sat May 30 00:36:04 2026] Ответ: ✏️ *Введи новое слово:*
--------------------------------------------------
[Sat May 30 00:36:16 2026] Запрос: Доброта
[Sat May 30 00:36:16 2026] Ответ: 😕 Не удалось найти синонимы для 'Доброта'
--------------------------------------------------
[Sat May 30 00:36:21 2026] Запрос: 🔄 Новое слово
[Sat May 30 00:36:21 2026] Ответ: ✏️ *Введи новое слово:*
--------------------------------------------------
[Sat May 30 00:36:26 2026] Запрос: Добрый
[Sat May 30 00:36:26 2026] Ответ: 😕 Не удалось найти синонимы для 'Добрый'
--------------------------------------------------
[Sat May 30 00:37:44 2026] Запрос: Начать
[Sat May 30 00:37:44 2026] Ответ: 📖 *Выбери действие на кнопках ниже:*

Нажми на кнопку, затем введи слово.
--------------------------------------------------
[Sat May 30 00:37:49 2026] Запрос: 🔍 Синоним
[Sat May 30 00:37:49 2026] Ответ: 🔍 *Введи слово, для которого нужно найти синонимы:*
--------------------------------------------------
[Sat May 30 00:38:01 2026] Запрос: Добрый
[Sat May 30 00:38:01 2026] Ответ: 🔗 *Синонимы (встроенный словарь):*
отзывчивый, сердечный, душевный, милосердный, благожелательный, человечный
--------------------------------------------------
[Sat May 30 00:38:10 2026] Запрос: 📖 Толкование 'Добрый'
[Sat May 30 00:38:10 2026] Ответ: 📚 *Толкование слова 'Добрый':*
Проявляющий участие, готовый помочь, отзывчивый.
--------------------------------------------------
[Sat May 30 00:38:17 2026] Запрос: 🎭 Рифма к 'Добрый'
[Sat May 30 00:38:17 2026] Ответ: 🎭 *Рифмы к 'Добрый'*
Попробуй: день, ночь, любовь, дом
--------------------------------------------------
[Sat May 30 00:38:27 2026] Запрос: 💡 Пример с 'Добрый'
[Sat May 30 00:38:27 2026] Ответ: 💡 *Примеры со словом 'Добрый':*
• Добрый взгляд всегда согревает.
• Сделай доброе дело сегодня.
--------------------------------------------------
[Sat May 30 00:44:58 2026] Запрос: 🔄 Новое слово
[Sat May 30 00:44:58 2026] Ответ: ✏️ *Введи новое слово:*
--------------------------------------------------
[Sat May 30 00:45:08 2026] Запрос: Красивый
[Sat May 30 00:45:08 2026] Ответ: 🔗 *Синонимы (встроенный словарь):*
прекрасный, великолепный, восхитительный, привлекательный, обаятельный, живописный, изящный, лепый, взрачный
--------------------------------------------------
